// Jest Snapshot v1, https://goo.gl/fbAQLP

exports[`PointsAwardingForm should show initial layout 1`] = `
Array [
  <NumberInput
    label="Phone #"
    name="phoneNumber"
    onChange={[Function]}
    placeholder="Phone #"
  />,
  <NumberInput
    label="Amount"
    name="amount"
    onChange={[Function]}
    placeholder="Amount"
  />,
  <TextInput
    label="Sale Key"
    name="saleKey"
    onChange={[Function]}
    placeholder=""
  />,
  <input
    className="btn btn-primary"
    disabled={false}
    id="save"
    onClick={[Function]}
    type="submit"
    value="Save"
  />,
]
`;
