// Jest Snapshot v1, https://goo.gl/fbAQLP

exports[`PointsAwardingPage should render initial layout 1`] = `
Array [
  <PointsAwardingForm
    onChange={[Function]}
    onSubmit={[Function]}
    pointsAwarding={
      Object {
        "amount": 0,
        "phoneNumber": "",
        "saleKey": "",
      }
    }
    saving={false}
  />,
]
`;
